// Jest Snapshot v1, https://goo.gl/fbAQLP

exports[`RenderHamburger 1`] = `ShallowWrapper {}`;
